../Core/Src/st7565s_8080.c:4:20:LCD_BUS_WRITE	24	static
../Core/Src/st7565s_8080.c:11:20:CS_LOW	8	static
../Core/Src/st7565s_8080.c:12:20:CS_HIGH	8	static
../Core/Src/st7565s_8080.c:13:20:RS_CMD	8	static
../Core/Src/st7565s_8080.c:14:20:RS_DATA	8	static
../Core/Src/st7565s_8080.c:16:20:WR_STROBE	8	static,ignoring_inline_asm
../Core/Src/st7565s_8080.c:22:13:ST7565S_Reset	8	static
../Core/Src/st7565s_8080.c:29:13:ST7565S_WriteByte	16	static
../Core/Src/st7565s_8080.c:34:6:ST7565S_WriteCmd	16	static
../Core/Src/st7565s_8080.c:41:6:ST7565S_WriteData	16	static
../Core/Src/st7565s_8080.c:48:6:ST7565S_SetAddress	16	static
../Core/Src/st7565s_8080.c:55:6:ST7565S_Init	16	static
../Core/Src/st7565s_8080.c:109:6:ST7565S_Fill	24	static
../Core/Src/st7565s_8080.c:116:6:ST7565S_DrawBuffer	24	static
../Core/Src/st7565s_8080.c:124:6:ST7565S_SetContrast	16	static
../Core/Src/st7565s_8080.c:130:6:ST7565S_SetResistorRatio	16	static
../Core/Src/st7565s_8080.c:134:6:ST7565S_SetBias	16	static
../Core/Src/st7565s_8080.c:138:6:ST7565S_SetBooster	16	static
